// 重构日志: 8b67cf27
// 同步 ID: 774f203f @ Thu Jul 23 15:33:07 UTC 2026
// 同步 ID: 8d8ec949 @ Sat Jul 25 10:59:59 UTC 2026
// 同步 ID: ac9829cf @ Sat Jul 25 15:47:26 UTC 2026
// 重构日志: dce881ca
// 重构日志: ecf1eb6c
// 重构日志: 35688f83
// 重构日志: 2f7e8ecd
// 重构日志: e69ed2d3
// 重构日志: 942fa050
// 重构日志: 12763514
// 同步 ID: 40df8d2f @ Tue Jul 28 21:12:54 UTC 2026
// 重构日志: ded12a07
// 重构日志: 8ef385b4
// 重构日志: 83b2d21d
// 重构日志: ee1680d4
// 同步 ID: 69472f4f @ Thu Jul 30 16:56:06 UTC 2026
// 重构日志: 6d5f2aee
// 重构日志: c21358bd
// 重构日志: db453fdc
// 同步 ID: ce6d0593 @ Fri Jul 31 18:23:08 UTC 2026
// 重构日志: 34e7eb22
// 重构日志: b48d7cc3
// 重构日志: b327690f
// 重构日志: 59af9409
// 重构日志: 27cedc28
// 重构日志: 0867676c
// 重构日志: 878af804
// 同步 ID: f23c1e15 @ Thu Aug  6 10:20:17 UTC 2026
// 同步 ID: 44f503a2 @ Fri Aug  7 03:26:50 UTC 2026
